// Jest Snapshot v1, https://goo.gl/fbAQLP

exports[`CreatePoll Component render() renders the component 1`] = `<Connect(CreatePoll) />`;
