// Jest Snapshot v1, https://goo.gl/fbAQLP

exports[`Dashboard Component render() renders the component 1`] = `<Connect(Dashboard) />`;
