// Jest Snapshot v1, https://goo.gl/fbAQLP

exports[`EditPoll Component render() renders the component 1`] = `<Connect(EditPoll) />`;
