// Jest Snapshot v1, https://goo.gl/fbAQLP

exports[`ListPoll Component render() renders the component 1`] = `<Connect(ListPoll) />`;
