// Jest Snapshot v1, https://goo.gl/fbAQLP

exports[`Login Component render() renders the component 1`] = `<Connect(Login) />`;
